

================================================================
== Synthesis Summary Report of 'td_fused_axi_in_top'
================================================================
+ General Information: 
    * Date:           Sat Mar 20 14:57:45 2021
    * Version:        2020.2 (Build 3064766 on Wed Nov 18 09:12:47 MST 2020)
    * Project:        td_fused_axi_in_prj
    * Solution:       solution1 (Vivado IP Flow Target)
    * Product family: virtexuplus
    * Target device:  xcvu3p-ffvc1517-3-e
    

+ Performance & Resource Estimates: 
    
    PS: '+' for module; 'o' for loop; '*' for dataflow
    +----------------------------------------------------+------+-------+---------+-----------+----------+---------+--------+----------+------+----+----------+-----------+---------+
    |                       Modules                      | Issue|       | Latency |  Latency  | Iteration|         |  Trip  |          |      |    |          |           |         |
    |                       & Loops                      | Type | Slack | (cycles)|    (ns)   |  Latency | Interval|  Count | Pipelined| BRAM | DSP|    FF    |    LUT    |   URAM  |
    +----------------------------------------------------+------+-------+---------+-----------+----------+---------+--------+----------+------+----+----------+-----------+---------+
    |+ td_fused_axi_in_top                               |     -|  -3.88|   150531|  1.505e+06|         -|   150532|       -|        no|     -|   -|  82 (~0%)|  308 (~0%)|  13 (4%)|
    | o VITIS_LOOP_17_1_VITIS_LOOP_18_2_VITIS_LOOP_20_3  |     -|  -7.30|   150528|  1.505e+06|         1|        1|  150528|       yes|     -|   -|         -|          -|        -|
    +----------------------------------------------------+------+-------+---------+-----------+----------+---------+--------+----------+------+----+----------+-----------+---------+

